// Jest Snapshot v1, https://goo.gl/fbAQLP

exports[`<Error /> renders correctly with all required props 1`] = `
<View
  style={
    Array [
      Object {
        "alignItems": "center",
        "backgroundColor": "#fff",
        "flexBasis": 0,
        "flexGrow": 1,
        "flexShrink": 1,
        "justifyContent": "center",
        "paddingBottom": 20,
        "paddingLeft": 20,
        "paddingRight": 20,
        "paddingTop": 20,
      },
      Object {
        "alignItems": "center",
        "flex": 1,
        "justifyContent": "center",
      },
    ]
  }
>
  <Text
    accessible={true}
    allowFontScaling={true}
    ellipsizeMode="tail"
    style={
      Array [
        Object {
          "color": "#222",
          "margin": 10,
          "textAlign": "center",
        },
        Object {
          "fontSize": 40,
        },
      ]
    }
  >
    ðŸ¤”
  </Text>
  <Text
    accessible={true}
    allowFontScaling={true}
    ellipsizeMode="tail"
    style={
      Array [
        Object {
          "color": "#222",
          "margin": 10,
          "textAlign": "center",
        },
        Object {
          "fontSize": 18,
        },
      ]
    }
  >
    We couldn't find that person.
  </Text>
  <View
    style={
      Array [
        Object {
          "marginLeft": 15,
          "marginRight": 15,
        },
        undefined,
        undefined,
        undefined,
      ]
    }
  >
    <View
      accessible={true}
      isTVSelectable={true}
      onResponderGrant={[Function]}
      onResponderMove={[Function]}
      onResponderRelease={[Function]}
      onResponderTerminate={[Function]}
      onResponderTerminationRequest={[Function]}
      onStartShouldSetResponder={[Function]}
      style={
        Array [
          Object {
            "backgroundColor": "transparent",
          },
          undefined,
        ]
      }
    >
      <View
        pointerEvents="box-only"
        style={
          Array [
            Object {
              "alignItems": "center",
              "backgroundColor": "#9E9E9E",
              "flexDirection": "row",
              "justifyContent": "center",
              "padding": 19,
            },
            undefined,
            undefined,
            undefined,
            undefined,
            undefined,
            Object {
              "backgroundColor": "#222",
            },
            undefined,
            Object {
              "padding": 12,
            },
            undefined,
            undefined,
            undefined,
            undefined,
            undefined,
            undefined,
          ]
        }
      >
        <Text
          accessible={true}
          allowFontScaling={true}
          ellipsizeMode="tail"
          style={
            Array [
              Object {},
              undefined,
              undefined,
              undefined,
              undefined,
              undefined,
              undefined,
              undefined,
              undefined,
              undefined,
              Array [
                Object {
                  "color": "white",
                  "fontSize": 20,
                },
                undefined,
                Object {
                  "fontSize": 17.5,
                },
                undefined,
                undefined,
                undefined,
                undefined,
              ],
            ]
          }
        >
          Return to Search
        </Text>
      </View>
    </View>
  </View>
</View>
`;
