// Jest Snapshot v1, https://goo.gl/fbAQLP

exports[`<TextInput /> renders correctly 1`] = `
<TextInput
  allowFontScaling={true}
  style={
    Array [
      Object {
        "alignSelf": "stretch",
        "borderColor": "#222",
        "borderWidth": 1,
        "height": 40,
        "paddingLeft": 5,
      },
      undefined,
    ]
  }
/>
`;
